// Jest Snapshot v1, https://goo.gl/fbAQLP

exports[`<MatrixApp> Expect the component match with the snapshot 1`] = `
<ContextProvider
  value={
    Object {
      "displayName": "",
      "email": "",
      "setDisplayName": [Function],
      "setEmail": [Function],
    }
  }
>
  <MatrixApp />
</ContextProvider>
`;
